
=================================================================
  HEALTH CHECK
=================================================================
  [PASS] [200] GET /  => message: 'Rural TeleHealth Backend is running ????'

=================================================================
  PATIENT MODULE
=================================================================
  [FAIL] [400] POST /patients/register  => patient_id: 'MISSING'
         patient_id = PAT-2026-XXXX

=================================================================
  AUTH MODULE
=================================================================
  [PASS] [200] POST /auth/patient/send-otp  => message: 'OTP sent successfully'
         NOTE: Check server terminal for actual OTP
  [PASS] [400] POST /auth/patient/verify-otp (wrong OTP -> 400)
  [PASS] [401] GET /patients/me (invalid token -> 401)

=================================================================
  DOCTORS MODULE
=================================================================
  [FAIL] [400] POST /doctors/register  => doctor_id: 'MISSING'
         doctor_id = DOC-2026-XXXX
  [PASS] [200] GET /doctors/
  [FAIL] [404] GET /doctors/{doctor_id}  => doctor_id: 'MISSING'
  [FAIL] [0] GET /doctors/specialization/General Physician
  [FAIL] [404] PATCH /doctors/{id}/availability  => availability_status: 'MISSING'

=================================================================
  ASHA WORKERS MODULE
=================================================================
  [FAIL] [400] POST /asha/register  => asha_id: 'MISSING'
         asha_id = ASHA-2026-XXXX
  [PASS] [200] GET /asha/
  [FAIL] [404] GET /asha/{asha_id}  => asha_id: 'MISSING'

=================================================================
  PATIENT VITALS MODULE
=================================================================
  [FAIL] [500] POST /vitals/add (normal vitals)  => vitals: 'MISSING'
  [FAIL] [500] POST /vitals/add (critical -> multiple alerts)  => alerts: 'MISSING'
  [FAIL] [404] GET /vitals/patient/{patient_id}
  [FAIL] [404] GET /vitals/latest/{patient_id}  => vitals: 'MISSING'

=================================================================
  APPOINTMENTS MODULE
=================================================================
  [FAIL] [500] POST /appointments/book  => appointment_id: 'MISSING'
         appointment_id = APT-2026-XXXX
  [PASS] [200] GET /appointments/patient/{patient_id}
  [PASS] [200] GET /appointments/doctor/{doctor_id}
  [FAIL] [404] PATCH /appointments/{id}/status  => status: 'MISSING'

=================================================================
  MEDICAL RECORDS MODULE
=================================================================
  [FAIL] [500] POST /records/create  => record_id: 'MISSING'
         record_id = REC-2026-XXXX
  [FAIL] [404] GET /records/patient/{patient_id}
  [FAIL] [404] GET /records/{record_id}  => record_id: 'MISSING'

=================================================================
  PHARMACY & MEDICINES MODULE
=================================================================
  [PASS] [201] POST /pharmacies/register  => pharmacy_id: 'PHM-2026-0004'
         pharmacy_id = PHM-2026-0004
  [PASS] [200] GET /pharmacies
  [PASS] [200] GET /pharmacies/nearby?district=Patiala
  [FAIL] [400] POST /medicines/add  => medicine_id: 'MISSING'
         medicine_id = MED-2026-XXXX
  [PASS] [200] GET /medicines
  [PASS] [200] GET /medicines/search?name=APITestMed2026
  [FAIL] [500] POST /pharmacies/inventory/update
  [PASS] [200] GET /medicines/availability/APITestMed2026  => medicine: 'APITestMed2026'
         available_at = [{'pharmacy': 'API Test Pharmacy', 'district': 'Patiala', 'stock': 40}]

=================================================================
  AI SYMPTOM CHECKER
=================================================================
  [PASS] [200] POST /ai/symptom-check (multi-symptom)  => possible_conditions: ['flu', 'dehydration', 'migraine', 'viral fever', 'tension h
         conditions = ['flu', 'dehydration', 'migraine', 'viral fever', 'tension headache', 'typhoid', 'dengue', 'malaria']
  [PASS] [200] POST /ai/symptom-check (emergency)  => recommendation: 'EMERGENCY: Please call an ambulance or go to the nearest ho
         recommendation = EMERGENCY: Please call an ambulance or go to the nearest hospital imme...

=================================================================
  OFFLINE SYNC MODULE
=================================================================
  [FAIL] [500] POST /sync/patient-records (first sync)  => records_synced: 'MISSING'
  [FAIL] [500] POST /sync/patient-records (re-sync -> skipped)  => records_skipped: 'MISSING'

=================================================================
  CLEANUP: Delete Test Appointment
=================================================================
  [FAIL] [404] DELETE /appointments/APT-2026-XXXX

=================================================================
  FINAL RESULTS
=================================================================

  Total checks  : 37
  PASSED        : 16
  FAILED        : 21
  SKIPPED       : 0  (OTP-dependent -- expected)

  21 endpoint(s) FAILED -- review output above.
